<?php return array (
  0 => 'Symfony\\Bundle\\FrameworkBundle\\EventListener\\SessionListener',
  1 => 'Symfony\\Component\\HttpFoundation\\Session\\Storage\\NativeSessionStorage',
  2 => 'Symfony\\Component\\HttpFoundation\\Session\\Storage\\Handler\\NativeFileSessionHandler',
  3 => 'Symfony\\Component\\HttpFoundation\\Session\\Storage\\Proxy\\AbstractProxy',
  4 => 'Symfony\\Component\\HttpFoundation\\Session\\Storage\\Proxy\\SessionHandlerProxy',
  5 => 'Symfony\\Component\\HttpFoundation\\Session\\Session',
  7 => 'Symfony\\Bundle\\FrameworkBundle\\Templating\\GlobalVariables',
  8 => 'Symfony\\Bundle\\FrameworkBundle\\Templating\\TemplateReference',
  9 => 'Symfony\\Bundle\\FrameworkBundle\\Templating\\TemplateNameParser',
  10 => 'Symfony\\Bundle\\FrameworkBundle\\Templating\\Loader\\TemplateLocator',
  11 => 'Symfony\\Component\\Templating\\Storage\\FileStorage',
  12 => 'Symfony\\Bundle\\FrameworkBundle\\Templating\\PhpEngine',
  13 => 'Symfony\\Bundle\\FrameworkBundle\\Templating\\Loader\\FilesystemLoader',
  14 => 'Symfony\\Component\\Routing\\Generator\\UrlGenerator',
  15 => 'Symfony\\Component\\Routing\\RequestContext',
  16 => 'Symfony\\Component\\Routing\\Router',
  17 => 'Symfony\\Bundle\\FrameworkBundle\\Routing\\RedirectableUrlMatcher',
  18 => 'Symfony\\Bundle\\FrameworkBundle\\Routing\\Router',
  19 => 'Symfony\\Component\\HttpFoundation\\ParameterBag',
  20 => 'Symfony\\Component\\HttpFoundation\\HeaderBag',
  21 => 'Symfony\\Component\\HttpFoundation\\FileBag',
  22 => 'Symfony\\Component\\HttpFoundation\\ServerBag',
  23 => 'Symfony\\Component\\HttpFoundation\\Request',
  24 => 'Symfony\\Component\\HttpFoundation\\Response',
  25 => 'Symfony\\Component\\HttpFoundation\\ResponseHeaderBag',
  26 => 'Symfony\\Component\\Config\\FileLocator',
  27 => 'Symfony\\Component\\EventDispatcher\\Event',
  28 => 'Symfony\\Component\\EventDispatcher\\ContainerAwareEventDispatcher',
  29 => 'Symfony\\Component\\HttpKernel\\EventListener\\ResponseListener',
  30 => 'Symfony\\Component\\HttpKernel\\EventListener\\RouterListener',
  31 => 'Symfony\\Component\\HttpKernel\\Controller\\ControllerResolver',
  32 => 'Symfony\\Component\\HttpKernel\\Event\\KernelEvent',
  33 => 'Symfony\\Component\\HttpKernel\\Event\\FilterControllerEvent',
  34 => 'Symfony\\Component\\HttpKernel\\Event\\FilterResponseEvent',
  35 => 'Symfony\\Component\\HttpKernel\\Event\\GetResponseEvent',
  36 => 'Symfony\\Component\\HttpKernel\\Event\\GetResponseForControllerResultEvent',
  37 => 'Symfony\\Component\\HttpKernel\\Event\\GetResponseForExceptionEvent',
  38 => 'Symfony\\Component\\HttpKernel\\KernelEvents',
  39 => 'Symfony\\Component\\HttpKernel\\Config\\FileLocator',
  40 => 'Symfony\\Bundle\\FrameworkBundle\\Controller\\ControllerNameParser',
  41 => 'Symfony\\Bundle\\FrameworkBundle\\Controller\\ControllerResolver',
  42 => 'Monolog\\Formatter\\FormatterInterface',
  43 => 'Monolog\\Formatter\\LineFormatter',
  44 => 'Monolog\\Handler\\HandlerInterface',
  45 => 'Monolog\\Handler\\AbstractHandler',
  46 => 'Monolog\\Handler\\AbstractProcessingHandler',
  47 => 'Monolog\\Handler\\StreamHandler',
  48 => 'Monolog\\Handler\\FingersCrossedHandler',
  49 => 'Monolog\\Handler\\TestHandler',
  50 => 'Monolog\\Logger',
  51 => 'Symfony\\Bridge\\Monolog\\Logger',
  52 => 'Symfony\\Bridge\\Monolog\\Handler\\DebugHandler',
  53 => 'Monolog\\Handler\\FingersCrossed\\ActivationStrategyInterface',
  54 => 'Monolog\\Handler\\FingersCrossed\\ErrorLevelActivationStrategy',
  55 => 'Sensio\\Bundle\\FrameworkExtraBundle\\EventListener\\ControllerListener',
  56 => 'Sensio\\Bundle\\FrameworkExtraBundle\\EventListener\\ParamConverterListener',
  57 => 'Sensio\\Bundle\\FrameworkExtraBundle\\Request\\ParamConverter\\DateTimeParamConverter',
  58 => 'Sensio\\Bundle\\FrameworkExtraBundle\\Request\\ParamConverter\\DoctrineParamConverter',
  59 => 'Sensio\\Bundle\\FrameworkExtraBundle\\Request\\ParamConverter\\ParamConverterInterface',
  60 => 'Sensio\\Bundle\\FrameworkExtraBundle\\Request\\ParamConverter\\ParamConverterManager',
  61 => 'Sensio\\Bundle\\FrameworkExtraBundle\\EventListener\\TemplateListener',
  62 => 'Sensio\\Bundle\\FrameworkExtraBundle\\EventListener\\CacheListener',
  63 => 'Sensio\\Bundle\\FrameworkExtraBundle\\Configuration\\ConfigurationAnnotation',
  64 => 'Twig_Environment',
  65 => 'Twig_Extension',
  66 => 'Twig_Extension_Core',
  67 => 'Twig_Extension_Escaper',
  68 => 'Twig_Extension_Optimizer',
  69 => 'Twig_LoaderInterface',
  70 => 'Twig_Markup',
  71 => 'Twig_Template',
);